// Jest Snapshot v1, https://goo.gl/fbAQLP

exports[`renders Home component and matches snapshot 1`] = `
<div
  className="App"
>
  <header
    className="header"
  >
    <div
      className="DPL-header"
    >
      <a
        href="/"
        onClick={[Function]}
      >
        <button
          className="DPL-header-button"
        >
          DPL
        </button>
      </a>
    </div>
    <div
      className="buttons-header-DIV"
    >
      <a
        href="/BookAppointment"
        onClick={[Function]}
      >
        <button
          className="header-button"
        >
          Book an Appointment
        </button>
      </a>
      <button
        className="header-button"
        onClick={[Function]}
      >
         Contact Us
      </button>
      <a
        href="/OurMission"
        onClick={[Function]}
      >
        <button
          className="header-button"
        >
          Our Mission
        </button>
      </a>
    </div>
  </header>
  <main>
    <section
      className="title"
    >
      <h2>
        Deez Plumbing LTD
      </h2>
      <p>
        Local Plumbers for Local People.
      </p>
      <a
        href="/BookAppointment"
        onClick={[Function]}
      >
        <button
          className="main-button"
          id="appointment-button"
        >
          Book an Appointment
        </button>
      </a>
    </section>
    <section
      className="hours-operation"
    >
      <div
        className="hours-content"
      >
        <h3>
          Hours of Operation
        </h3>
        <p>
          Weekdays: 4:00 PM - 11:00 PM
        </p>
        <p>
          Weekends: 5:30 AM - 11:00 PM
        </p>
        <p>
          Holidays: CLOSED
        </p>
      </div>
      <div
        className="carousel-div"
      >
        <button
          className="carousel-button"
          onClick={[Function]}
        >
          ← 
        </button>
        <div
          className="carousel"
        >
          <div
            className="carousel-slide"
            style={
              Object {
                "transform": "translateX(-0%)",
                "transition": "transform 0.3s ease-in-out",
              }
            }
          >
            <img
              alt="Slide 0"
              src="/images/hours-image1.jpg"
            />
            <img
              alt="Slide 1"
              src="/images/hours-image2.jpg"
            />
            <img
              alt="Slide 2"
              src="/images/hours-image3.jpg"
            />
            <img
              alt="Slide 3"
              src="/images/hours-image4.jpg"
            />
          </div>
        </div>
        <button
          className="carousel-button"
          onClick={[Function]}
        >
          → 
        </button>
      </div>
    </section>
    <section
      className="mission"
    >
      <div
        className="mission-text"
      >
        <h3>
          Our Mission
        </h3>
        <p>
          Two apprentice plumbers pursuing their dreams, founding their own company with a vision for excellence in plumbing services and customer satisfaction.
        </p>
      </div>
      <div
        className="mission-elements"
      >
        <a
          href="/OurMission"
          onClick={[Function]}
        >
          <button
            className="main-button"
            id="mission-button"
          >
            Meet the Crew
          </button>
        </a>
      </div>
    </section>
    <section
      className="reviews"
    >
      <div
        className="reviews-text"
      >
        <h3>
          Reviews and Testimonials
        </h3>
        <p>
          Our work and reviews.
        </p>
      </div>
      <div
        className="carousel-div"
      >
        <button
          className="carousel-button"
          onClick={[Function]}
        >
          ← 
        </button>
        <div
          className="carousel"
        >
          <div
            className="carousel-slide"
            style={
              Object {
                "transform": "translateX(-0%)",
                "transition": "transform 0.3s ease-in-out",
              }
            }
          >
            <img
              alt="Slide 0"
              src="/images/default-image.jpg"
            />
            <img
              alt="Slide 1"
              src="/images/default-image.jpg"
            />
            <img
              alt="Slide 2"
              src="/images/default-image.jpg"
            />
            <img
              alt="Slide 3"
              src="/images/default-image.jpg"
            />
          </div>
        </div>
        <button
          className="carousel-button"
          onClick={[Function]}
        >
          → 
        </button>
      </div>
      <div
        className="testimonials"
      >
        <div
          className="testimonial"
        >
          <p>
            "A heroic piece of praise!"
          </p>
          <p>
            - Name
          </p>
        </div>
        <div
          className="testimonial"
        >
          <p>
            "A fantastic bit of feedback!"
          </p>
          <p>
            - Name
          </p>
        </div>
        <div
          className="testimonial"
        >
          <p>
            "A genuinely glowing review!"
          </p>
          <p>
            - Name
          </p>
        </div>
      </div>
      <div
        className="review-button-Div"
      >
        <button
          className="main-button"
          id="review-button"
        >
          Read more Reviews
        </button>
      </div>
    </section>
    <section
      className="contact"
      id="contact-section"
    >
      <h3>
        Contact Us
      </h3>
      <p>
        Email: Deezplumbers@gmail.com
      </p>
      <p>
        Business phone: TBD
      </p>
    </section>
  </main>
  <footer
    className="footer"
  >
    <div
      className="DPL-footer"
    >
      <p>
        Deez Plumbing LTD
      </p>
    </div>
    <nav>
      <div
        className="footer-links"
      >
        <a
          href="#our-mission"
        >
          Our Mission
        </a>
        <a
          href="#book-appointment"
        >
          Book an Appointment
        </a>
      </div>
    </nav>
  </footer>
</div>
`;
